[www.cymolthemes.com/html/raxena/index.html]
[backblue.gif]
[fade.gif]
[index.html]
[www.cymolthemes.com/html/raxena/images/favicon.png]
[www.cymolthemes.com/html/raxena/images/logo-img.png]
[www.cymolthemes.com/html/raxena/home-3.html]
[www.cymolthemes.com/html/raxena/home-2.html]
[www.cymolthemes.com/html/raxena/header-style-03.html]
[www.cymolthemes.com/html/raxena/header-style-02.html]
[www.cymolthemes.com/html/raxena/aboutus-1.html]
[www.cymolthemes.com/html/raxena/header-style-04.html]
[www.cymolthemes.com/html/raxena/aboutus-2.html]
[www.cymolthemes.com/html/raxena/services-1.html]
[www.cymolthemes.com/html/raxena/services-2.html]
[www.cymolthemes.com/html/raxena/our-team.html]
[www.cymolthemes.com/html/raxena/faq.html]
[www.cymolthemes.com/html/raxena/error.html]
[www.cymolthemes.com/html/raxena/apartment-design.html]
[www.cymolthemes.com/html/raxena/element.html]
[www.cymolthemes.com/html/raxena/house-planning.html]
[www.cymolthemes.com/html/raxena/repair-welding.html]
[www.cymolthemes.com/html/raxena/expert-mechanical.html]
[www.cymolthemes.com/html/raxena/management.html]
[www.cymolthemes.com/html/raxena/general-contracting.html]
[www.cymolthemes.com/html/raxena/portfolio-style-1.html]
[www.cymolthemes.com/html/raxena/portfolio-style-2.html]
[www.cymolthemes.com/html/raxena/portfolio-single.html]
[www.cymolthemes.com/html/raxena/blog.html]
[www.cymolthemes.com/html/raxena/blog-grid.html]
[www.cymolthemes.com/html/raxena/single-blog.html]
[www.cymolthemes.com/html/raxena/contact-us.html]
[www.cymolthemes.com/html/raxena/images/slides/slider-mainbg-003.jpg]
[www.cymolthemes.com/html/raxena/images/slides/slider-001.png]
[www.cymolthemes.com/html/raxena/images/slides/slider-mainbg-004.jpg]
[www.cymolthemes.com/html/raxena/images/slides/icon-block-img.png]
[www.cymolthemes.com/html/raxena/images/single-img-one.png]
[www.cymolthemes.com/html/raxena/architectural-design.html]
[www.cymolthemes.com/html/raxena/house-planning.htm]
[www.cymolthemes.com/html/raxena/images/single-img-two.png]
[www.cymolthemes.com/html/raxena/images/testimonial/01.jpg]
[www.cymolthemes.com/html/raxena/images/testimonial/02.jpg]
[www.cymolthemes.com/html/raxena/images/testimonial/03.jpg]
[www.cymolthemes.com/html/raxena/images/portfolio/01.jpg]
[www.cymolthemes.com/html/raxena/images/portfolio/02.jpg]
[www.cymolthemes.com/html/raxena/images/portfolio/03.jpg]
[www.cymolthemes.com/html/raxena/images/portfolio/04.jpg]
[www.cymolthemes.com/html/raxena/images/portfolio/05.jpg]
[www.cymolthemes.com/html/raxena/images/portfolio/06.jpg]
[www.cymolthemes.com/html/raxena/images/portfolio/07.jpg]
[www.cymolthemes.com/html/raxena/images/blog/01.jpg]
[www.cymolthemes.com/html/raxena/images/blog/02.jpg]
[www.cymolthemes.com/html/raxena/images/blog/03.jpg]
[www.cymolthemes.com/html/raxena/images/footer-logo.png]
[www.cymolthemes.com/html/raxena/images/blog/post-01.jpg]
[www.cymolthemes.com/html/raxena/images/blog/post-02.jpg]
[www.cymolthemes.com/html/raxena/js/jquery.min.js]
[www.cymolthemes.com/html/raxena/js/tether.min.js]
[www.cymolthemes.com/html/raxena/js/bootstrap.min.js]
[www.cymolthemes.com/html/raxena/js/color-switcher.js]
[www.cymolthemes.com/html/raxena/js/jquery.easing.js]
[www.cymolthemes.com/html/raxena/js/jquery-waypoints.js]
[www.cymolthemes.com/html/raxena/js/jquery-validate.js]
[www.cymolthemes.com/html/raxena/js/owl.carousel.js]
[www.cymolthemes.com/html/raxena/js/jquery.prettyPhoto.js]
[www.cymolthemes.com/html/raxena/js/numinate.min6959.js]
[www.cymolthemes.com/html/raxena/js/main.js]
[www.cymolthemes.com/html/raxena/revolution/js/jquery.themepunch.tools.min.js]
[www.cymolthemes.com/html/raxena/revolution/js/jquery.themepunch.revolution.min.js]
[www.cymolthemes.com/html/raxena/revolution/js/slider.js]
[www.cymolthemes.com/html/raxena/revolution/js/extensions/revolution.extension.actions.min.js]
[www.cymolthemes.com/html/raxena/revolution/js/extensions/revolution.extension.carousel.min.js]
[www.cymolthemes.com/html/raxena/revolution/js/extensions/revolution.extension.kenburn.min.js]
[www.cymolthemes.com/html/raxena/revolution/js/extensions/revolution.extension.layeranimation.min.js]
[www.cymolthemes.com/html/raxena/revolution/js/extensions/revolution.extension.migration.min.js]
[www.cymolthemes.com/html/raxena/revolution/js/extensions/revolution.extension.navigation.min.js]
[www.cymolthemes.com/html/raxena/revolution/js/extensions/revolution.extension.parallax.min.js]
[www.cymolthemes.com/html/raxena/revolution/js/extensions/revolution.extension.slideanims.min.js]
[www.cymolthemes.com/html/raxena/index.html]
[www.cymolthemes.com/html/raxena/css/bootstrap.min.css]
[www.cymolthemes.com/html/raxena/css/animate.css]
[www.cymolthemes.com/html/raxena/css/owl.carousel.css]
[www.cymolthemes.com/html/raxena/fonts/fontawesome-webfont3e6e.eot]
[www.cymolthemes.com/html/raxena/fonts/fontawesome-webfontd41d.eot]
[www.cymolthemes.com/html/raxena/fonts/fontawesome-webfont3e6e.woff2]
[www.cymolthemes.com/html/raxena/fonts/fontawesome-webfont3e6e.woff]
[www.cymolthemes.com/html/raxena/fonts/fontawesome-webfont3e6e.ttf]
[www.cymolthemes.com/html/raxena/css/font-awesome.css]
[www.cymolthemes.com/html/raxena/fonts/themify9f24.eot]
[www.cymolthemes.com/html/raxena/fonts/themifyd41d.eot]
[www.cymolthemes.com/html/raxena/fonts/themify9f24.woff]
[www.cymolthemes.com/html/raxena/fonts/themify9f24.ttf]
[www.cymolthemes.com/html/raxena/css/themify-icons.css]
[www.cymolthemes.com/html/raxena/fonts/Flaticon.eot]
[www.cymolthemes.com/html/raxena/fonts/Flaticond41d.eot]
[www.cymolthemes.com/html/raxena/fonts/Flaticon.woff2]
[www.cymolthemes.com/html/raxena/fonts/Flaticon.woff]
[www.cymolthemes.com/html/raxena/fonts/Flaticon.ttf]
[www.cymolthemes.com/html/raxena/css/flaticon.css]
[www.cymolthemes.com/html/raxena/fonts/fontelloc40b.eot]
[www.cymolthemes.com/html/raxena/fonts/fontelloc40b.woff2]
[www.cymolthemes.com/html/raxena/fonts/fontelloc40b.woff]
[www.cymolthemes.com/html/raxena/fonts/fontelloc40b.ttf]
[www.cymolthemes.com/html/raxena/css/fontello.css]
[www.cymolthemes.com/html/raxena/revolution/css/layers.css]
[www.cymolthemes.com/html/raxena/revolution/fonts/revicons/revicons90c690c6.eot]
[www.cymolthemes.com/html/raxena/revolution/fonts/revicons/revicons90c690c6.woff]
[www.cymolthemes.com/html/raxena/revolution/fonts/revicons/revicons90c690c6.ttf]
[www.cymolthemes.com/html/raxena/revolution/css/openhand.cur]
[www.cymolthemes.com/html/raxena/revolution/css/closedhand.cur]
[www.cymolthemes.com/html/raxena/revolution/assets/gridtile.png]
[www.cymolthemes.com/html/raxena/revolution/assets/gridtile_white.png]
[www.cymolthemes.com/html/raxena/revolution/assets/gridtile_3x3.png]
[www.cymolthemes.com/html/raxena/revolution/assets/gridtile_3x3_white.png]
[www.cymolthemes.com/html/raxena/revolution/assets/coloredbg.png]
[www.cymolthemes.com/html/raxena/revolution/assets/loader.gif]
[www.cymolthemes.com/html/raxena/revolution/css/settings.css]
[www.cymolthemes.com/html/raxena/images/prettyPhoto/default/sprite.png]
[www.cymolthemes.com/html/raxena/images/prettyPhoto/default/sprite_x.png]
[www.cymolthemes.com/html/raxena/images/prettyPhoto/default/sprite_y.png]
[www.cymolthemes.com/html/raxena/images/prettyPhoto/default/sprite_next.png]
[www.cymolthemes.com/html/raxena/images/prettyPhoto/default/sprite_prev.png]
[www.cymolthemes.com/html/raxena/images/prettyPhoto/default/default_thumb.png]
[www.cymolthemes.com/html/raxena/images/prettyPhoto/default/loader.gif]
[www.cymolthemes.com/html/raxena/images/prettyPhoto/light_rounded/sprite.png]
[www.cymolthemes.com/html/raxena/images/prettyPhoto/light_rounded/btnNext.png]
[www.cymolthemes.com/html/raxena/images/prettyPhoto/light_rounded/btnPrevious.png]
[www.cymolthemes.com/html/raxena/images/prettyPhoto/dark_rounded/sprite.png]
[www.cymolthemes.com/html/raxena/images/prettyPhoto/dark_rounded/contentPattern.png]
[www.cymolthemes.com/html/raxena/images/prettyPhoto/dark_rounded/btnNext.png]
[www.cymolthemes.com/html/raxena/images/prettyPhoto/dark_rounded/btnPrevious.png]
[www.cymolthemes.com/html/raxena/images/prettyPhoto/dark_rounded/loader.gif]
[www.cymolthemes.com/html/raxena/images/prettyPhoto/dark_square/loader.gif]
[www.cymolthemes.com/html/raxena/images/prettyPhoto/dark_square/sprite.png]
[www.cymolthemes.com/html/raxena/images/prettyPhoto/dark_square/btnNext.png]
[www.cymolthemes.com/html/raxena/images/prettyPhoto/dark_square/btnPrevious.png]
[www.cymolthemes.com/html/raxena/images/prettyPhoto/light_square/sprite.png]
[www.cymolthemes.com/html/raxena/images/prettyPhoto/light_square/btnNext.png]
[www.cymolthemes.com/html/raxena/images/prettyPhoto/light_square/btnPrevious.png]
[www.cymolthemes.com/html/raxena/images/prettyPhoto/facebook/sprite.png]
[www.cymolthemes.com/html/raxena/images/prettyPhoto/facebook/contentPatternTop.png]
[www.cymolthemes.com/html/raxena/images/prettyPhoto/facebook/contentPatternLeft.png]
[www.cymolthemes.com/html/raxena/images/prettyPhoto/facebook/contentPatternRight.png]
[www.cymolthemes.com/html/raxena/images/prettyPhoto/facebook/loader.gif]
[www.cymolthemes.com/html/raxena/images/prettyPhoto/facebook/btnNext.png]
[www.cymolthemes.com/html/raxena/images/prettyPhoto/facebook/btnPrevious.png]
[www.cymolthemes.com/html/raxena/images/prettyPhoto/facebook/contentPatternBottom.png]
[www.cymolthemes.com/html/raxena/images/prettyPhoto/facebook/default_thumbnail.gif]
[www.cymolthemes.com/html/raxena/images/prettyPhoto/light_rounded/loader.gif]
[www.cymolthemes.com/html/raxena/css/prettyPhoto.css]
[www.cymolthemes.com/html/raxena/images/bg-image/row-bgimage-1.png]
[www.cymolthemes.com/html/raxena/images/bg-image/row-bgimage-2.jpg]
[www.cymolthemes.com/html/raxena/images/bg-image/row-bgimage-3.png]
[www.cymolthemes.com/html/raxena/images/bg-image/row-bgimage-4.jpg]
[www.cymolthemes.com/html/raxena/images/bg-image/row-bgimage-5.png]
[www.cymolthemes.com/html/raxena/images/bg-image/row-bgimage-6.png]
[www.cymolthemes.com/html/raxena/images/bg-image/row-bgimage-7.png]
[www.cymolthemes.com/html/raxena/images/bg-image/row-bgimage-8.jpg]
[www.cymolthemes.com/html/raxena/images/bg-image/row-bgimage-9.png]
[www.cymolthemes.com/html/raxena/images/bg-image/row-bgimage-10.jpg]
[www.cymolthemes.com/html/raxena/images/bg-image/row-bgimage-11.png]
[www.cymolthemes.com/html/raxena/images/bg-image/row-bgimage-12.jpg]
[www.cymolthemes.com/html/raxena/images/bg-image/row-bgimage-13.png]
[www.cymolthemes.com/html/raxena/images/bg-image/row-bgimage-14.png]
[www.cymolthemes.com/html/raxena/images/bg-image/col-bgimage-1.png]
[www.cymolthemes.com/html/raxena/images/bg-image/col-bgimage-2.png]
[www.cymolthemes.com/html/raxena/images/bg-image/col-bgimage-3.jpg]
[www.cymolthemes.com/html/raxena/images/bg-image/col-bgimage-4.jpg]
[www.cymolthemes.com/html/raxena/images/bg-image/col-bgimage-5.png]
[www.cymolthemes.com/html/raxena/images/bg-image/col-bgimage-6.png]
[www.cymolthemes.com/html/raxena/images/bg-image/col-bgimage-7.jpg]
[www.cymolthemes.com/html/raxena/images/bg-image/col-bgimage-8.jpg]
[www.cymolthemes.com/html/raxena/images/bg-image/col-bgimage-9.jpg]
[www.cymolthemes.com/html/raxena/images/highlight-text-bg.jpg]
[www.cymolthemes.com/html/raxena/images/newsletter-bg.png]
[www.cymolthemes.com/html/raxena/css/shortcodes.css]
[www.cymolthemes.com/html/raxena/images/about-overlay-style2.png]
[www.cymolthemes.com/html/raxena/images/pre-loader-1.gif]
[www.cymolthemes.com/html/raxena/images/footer-bg.jpg]
[www.cymolthemes.com/html/raxena/images/cmt-pagetitle-bg.jpg]
[www.cymolthemes.com/html/raxena/images/widget-banner.jpg]
[www.cymolthemes.com/html/raxena/images/error-bg.jpg]
[www.cymolthemes.com/html/raxena/css/main.css]
[www.cymolthemes.com/html/raxena/images/background/5.jpg]
[www.cymolthemes.com/html/raxena/css/color-switcher.css]
[www.cymolthemes.com/html/raxena/css/colors/default-color.css]
[www.cymolthemes.com/html/raxena/css/responsive.css]
[www.cymolthemes.com/html/raxena/images/slides/slider-mainbg-001.jpg]
[www.cymolthemes.com/html/raxena/images/slides/slider-mainbg-002.jpg]
[www.cymolthemes.com/html/raxena/images/about-sign.png]
[www.cymolthemes.com/html/raxena/images/services/01.jpg]
[www.cymolthemes.com/html/raxena/images/services/02.jpg]
[www.cymolthemes.com/html/raxena/images/services/03.jpg]
[www.cymolthemes.com/html/raxena/general-contracting-2.html]
[www.cymolthemes.com/html/raxena/images/team-member/team-img01.jpg]
[www.cymolthemes.com/html/raxena/team-details.html]
[www.cymolthemes.com/html/raxena/images/team-member/team-img02.jpg]
[www.cymolthemes.com/html/raxena/images/team-member/team-img03.jpg]
[www.cymolthemes.com/html/raxena/images/team-member/team-img04.jpg]
[www.cymolthemes.com/html/raxena/images/team-member/team-img05.jpg]
[www.cymolthemes.com/html/raxena/images/team-member/team-img06.jpg]
[www.cymolthemes.com/html/raxena/images/blog/09.jpg]
[www.cymolthemes.com/html/raxena/images/blog/04.jpg]
[www.cymolthemes.com/html/raxena/images/blog/05.jpg]
[www.cymolthemes.com/html/raxena/images/blog/06.jpg]
[www.cymolthemes.com/html/raxena/images/blog/07.jpg]
[www.cymolthemes.com/html/raxena/images/blog/08.jpg]
[www.cymolthemes.com/html/raxena/home-2.html]
[www.cymolthemes.com/html/raxena/images/slides/slider-mainbg-005.png]
[www.cymolthemes.com/html/raxena/images/slides/slider-002.png]
[www.cymolthemes.com/html/raxena/images/slides/slider-mainbg-006.jpg]
[www.cymolthemes.com/html/raxena/images/slides/slider-003.png]
[www.cymolthemes.com/html/raxena/images/single-img-four.png]
[www.cymolthemes.com/html/raxena/images/author-sign.png]
[www.cymolthemes.com/html/raxena/images/portfolio/08.jpg]
[www.cymolthemes.com/html/raxena/images/portfolio/09.jpg]
[www.cymolthemes.com/html/raxena/images/portfolio/10.jpg]
[www.cymolthemes.com/html/raxena/images/portfolio/11.jpg]
[www.cymolthemes.com/html/raxena/images/portfolio/12.jpg]
[www.cymolthemes.com/html/raxena/images/portfolio/13.jpg]
[www.cymolthemes.com/html/raxena/home-3.html]
[www.cymolthemes.com/html/raxena/images/logo-white.png]
[www.cymolthemes.com/html/raxena/header-style-02.html]
[www.cymolthemes.com/html/raxena/images/logo.png]
[www.cymolthemes.com/html/raxena/images/single-img-three.jpg]
[www.cymolthemes.com/html/raxena/header-style-03.html]
[www.cymolthemes.com/html/raxena/header-style-04.html]
[www.cymolthemes.com/html/raxena/images/single-img-five.png]
[www.cymolthemes.com/html/raxena/aboutus-1.html]
[www.cymolthemes.com/html/raxena/images/single-img-seven.png]
[www.cymolthemes.com/html/raxena/images/pattern-bg.png]
[www.cymolthemes.com/html/raxena/aboutus-2.html]
[www.cymolthemes.com/html/raxena/images/single-img-eight.png]
[www.cymolthemes.com/html/raxena/images/single-img-nine.jpg]
[www.cymolthemes.com/html/raxena/services-1.html]
[www.cymolthemes.com/html/raxena/images/services/04.jpg]
[www.cymolthemes.com/html/raxena/images/services/05.jpg]
[www.cymolthemes.com/html/raxena/images/services/06.jpg]
[www.cymolthemes.com/html/raxena/services-2.html]
[www.cymolthemes.com/html/raxena/our-team.html]
[www.cymolthemes.com/html/raxena/images/single-img-ten.jpg]
[www.cymolthemes.com/html/raxena/faq.html]
[www.cymolthemes.com/html/raxena/error.html]
[www.cymolthemes.com/html/raxena/images/portfolio/14.jpg]
[www.cymolthemes.com/html/raxena/images/portfolio/15.jpg]
[www.cymolthemes.com/html/raxena/images/portfolio/16.jpg]
[www.cymolthemes.com/html/raxena/element.html]
[www.cymolthemes.com/html/raxena/images/blog/blog-01.jpg]
[www.cymolthemes.com/html/raxena/images/blog/blog-02.jpg]
[www.cymolthemes.com/html/raxena/apartment-design.html]
[www.cymolthemes.com/html/raxena/images/blog/blog-03.jpg]
[www.cymolthemes.com/html/raxena/images/blog/blog-04.jpg]
[www.cymolthemes.com/html/raxena/images/blog/blog-05.jpg]
[www.cymolthemes.com/html/raxena/house-planning.html]
[www.cymolthemes.com/html/raxena/images/blog/blog-06.jpg]
[www.cymolthemes.com/html/raxena/repair-welding.html]
[www.cymolthemes.com/html/raxena/images/blog/blog-07.jpg]
[www.cymolthemes.com/html/raxena/expert-mechanical.html]
[www.cymolthemes.com/html/raxena/management.html]
[www.cymolthemes.com/html/raxena/images/blog/blog-08.jpg]
[www.cymolthemes.com/html/raxena/general-contracting.html]
[www.cymolthemes.com/html/raxena/portfolio-style-1.html]
[www.cymolthemes.com/html/raxena/portfolio-style-2.html]
[www.cymolthemes.com/html/raxena/portfolio-single-2.html]
[www.cymolthemes.com/html/raxena/images/portfolio/post-three.jpg]
[www.cymolthemes.com/html/raxena/portfolio-single.html]
[www.cymolthemes.com/html/raxena/images/blog/blog-12.jpg]
[www.cymolthemes.com/html/raxena/images/blog/blog-13.jpg]
[www.cymolthemes.com/html/raxena/images/blog/blog-14.jpg]
[www.cymolthemes.com/html/raxena/images/blog/post-03.jpg]
[www.cymolthemes.com/html/raxena/images/blog/post-04.jpg]
[www.cymolthemes.com/html/raxena/images/blog/post-05.jpg]
[www.cymolthemes.com/html/raxena/images/blog/post-06.jpg]
[www.cymolthemes.com/html/raxena/blog.html]
[www.cymolthemes.com/html/raxena/blog-grid.html]
[www.cymolthemes.com/html/raxena/images/blog/blog-09.jpg]
[www.cymolthemes.com/html/raxena/images/blog/blog-10.jpg]
[www.cymolthemes.com/html/raxena/images/blog/blog-11.jpg]
[www.cymolthemes.com/html/raxena/images/blog/blog-comment-01.jpg]
[www.cymolthemes.com/html/raxena/images/blog/blog-comment-02.jpg]
[www.cymolthemes.com/html/raxena/single-blog.html]
[www.cymolthemes.com/html/raxena/mailto=support@habikon.com]
[www.cymolthemes.com/html/raxena/contact-us.html]
[www.cymolthemes.com/html/raxena/architectural-design.html]
[www.cymolthemes.com/html/raxena/house-planning-2.html]
[www.cymolthemes.com/html/raxena/css/colors/theme-color1.css]
[www.cymolthemes.com/html/raxena/css/colors/theme-color2.css]
[www.cymolthemes.com/html/raxena/css/colors/theme-color3.css]
[www.cymolthemes.com/html/raxena/css/colors/theme-color4.css]
[www.cymolthemes.com/html/raxena/css/colors/theme-color5.css]
[www.cymolthemes.com/html/raxena/fonts/fontawesome-webfont3e6e.svg]
[www.cymolthemes.com/html/raxena/fonts/themify9f24.svg]
[www.cymolthemes.com/html/raxena/fonts/Flaticon.svg]
[www.cymolthemes.com/html/raxena/fonts/fontelloc40b.svg]
[www.cymolthemes.com/html/raxena/revolution/fonts/revicons/revicons90c690c6.svg]
[www.cymolthemes.com/html/raxena/revolution/css/openhand.html]
[www.cymolthemes.com/html/raxena/revolution/css/closedhand.html]
[www.cymolthemes.com/html/raxena/revolution/assets/gridtile.html]
[www.cymolthemes.com/html/raxena/revolution/assets/gridtile_white.html]
[www.cymolthemes.com/html/raxena/revolution/assets/gridtile_3x3.html]
[www.cymolthemes.com/html/raxena/revolution/assets/gridtile_3x3_white.html]
[www.cymolthemes.com/html/raxena/revolution/assets/coloredbg.html]
[www.cymolthemes.com/html/raxena/revolution/assets/loader.html]
[www.cymolthemes.com/html/raxena/images/highlight-text-bg.html]
[www.cymolthemes.com/html/raxena/images/background/5.html]
[www.cymolthemes.com/html/raxena/general-contracting-2.html]
[www.cymolthemes.com/html/raxena/images/team-member/team-img07.jpg]
[www.cymolthemes.com/html/raxena/team-details.html]
[www.cymolthemes.com/html/raxena/images/portfolio/post-two.jpg]
[www.cymolthemes.com/html/raxena/portfolio-single-2.html]
[www.cymolthemes.com/html/raxena/mailto=support@habikon.html]
